
> crom-jogos-criador@0.0.0 dev
> vite


  VITE v5.4.21  ready in 342 ms

  ➜  Local:   http://localhost:5173/
  ➜  Network: use --host to expose
00:57:58 [vite] page reload index.html
00:58:08 [vite] page reload index.html
00:58:24 [vite] hmr update /style.css?direct
00:58:37 [vite] page reload src/index.js
00:58:53 [vite] page reload src/index.js
01:01:01 [vite] hmr update /style.css?direct
01:01:54 [vite] page reload src/ui/UIManager.js
01:04:42 [vite] page reload src/index.js
01:06:07 [vite] page reload src/ui/UIManager.js
01:12:42 [vite] hmr update /style.css?direct
01:13:13 [vite] page reload src/index.js
01:14:17 [vite] page reload index.html
01:14:33 [vite] hmr update /style.css?direct
01:14:47 [vite] page reload src/index.js
01:20:24 [vite] page reload src/index.js
01:20:38 [vite] page reload src/index.js
01:21:40 [vite] page reload src/core/Engine.js
01:32:22 [vite] page reload src/ui/UIManager.js
01:35:32 [vite] page reload src/index.js
01:35:41 [vite] page reload src/index.js
07:50:53 [vite] page reload src/core/Engine.js
07:56:44 [vite] page reload src/ui/MapRenderer.js
07:56:58 [vite] page reload src/index.js
07:57:20 [vite] page reload src/index.js
07:57:55 [vite] page reload src/index.js
07:58:02 [vite] page reload src/index.js
07:58:11 [vite] page reload src/core/TechTree.js
08:08:38 [vite] page reload src/core/Demographics.js
08:08:50 [vite] page reload src/core/Engine.js
08:09:58 [vite] page reload src/modules/biology/migration.js
08:10:26 [vite] page reload src/core/Engine.js
08:10:45 [vite] page reload src/core/Engine.js
